// Jest Snapshot v1, https://goo.gl/fbAQLP

exports[`Gets all holidays for a given year Should return holidays for 2010 1`] = `
Array [
  { date: '2010-01-01T00:00:00.000-05:00', type: '1', name: 'Año Nuevo' },
  { date: '2010-05-01T00:00:00.000-05:00', type: '1', name: 'Día del Trabajo' },
  { date: '2010-07-20T00:00:00.000-05:00', type: '1', name: 'Grito de la Independencia' },
  { date: '2010-08-07T00:00:00.000-05:00', type: '1', name: 'Batalla de Boyacá' },
  { date: '2010-12-08T00:00:00.000-05:00', type: '1', name: 'Inmaculada Concepción' },
  { date: '2010-12-25T00:00:00.000-05:00', type: '1', name: 'Navidad' },
  { date: '2010-01-11T00:00:00.000-05:00', type: '2', name: 'Reyes Magos' },
  { date: '2010-03-22T00:00:00.000-05:00', type: '2', name: 'San José' },
  { date: '2010-07-05T00:00:00.000-05:00', type: '2', name: 'San Pedro y San Pablo' },
  { date: '2010-08-16T00:00:00.000-05:00', type: '2', name: 'Asunción de la Virgen' },
  { date: '2010-10-18T00:00:00.000-05:00', type: '2', name: 'Día de la Raza' },
  { date: '2010-11-01T00:00:00.000-05:00', type: '2', name: 'Todos los Santos' },
  { date: '2010-11-15T00:00:00.000-05:00', type: '2', name: 'Independencia de Cartagena' },
  { date: '2010-04-01T00:00:00.000-05:00', type: '3', name: 'Jueves Santo' },
  { date: '2010-04-02T00:00:00.000-05:00', type: '3', name: 'Viernes Santo' },
  { date: '2010-05-17T00:00:00.000-05:00', type: '3', name: 'Ascensión de Jesús' },
  { date: '2010-06-07T00:00:00.000-05:00', type: '3', name: 'Corpus Christi' },
  { date: '2010-06-14T00:00:00.000-05:00', type: '3', name: 'Sagrado Corazón de Jesús' },
]
`;

exports[`Gets all holidays for a given year Should return holidays for 2012 1`] = `
Array [
  { date: '2012-01-01T00:00:00.000-05:00', type: '1', name: 'Año Nuevo' },
  { date: '2012-05-01T00:00:00.000-05:00', type: '1', name: 'Día del Trabajo' },
  { date: '2012-07-20T00:00:00.000-05:00', type: '1', name: 'Grito de la Independencia' },
  { date: '2012-08-07T00:00:00.000-05:00', type: '1', name: 'Batalla de Boyacá' },
  { date: '2012-12-08T00:00:00.000-05:00', type: '1', name: 'Inmaculada Concepción' },
  { date: '2012-12-25T00:00:00.000-05:00', type: '1', name: 'Navidad' },
  { date: '2012-01-09T00:00:00.000-05:00', type: '2', name: 'Reyes Magos' },
  { date: '2012-03-19T00:00:00.000-05:00', type: '2', name: 'San José' },
  { date: '2012-07-02T00:00:00.000-05:00', type: '2', name: 'San Pedro y San Pablo' },
  { date: '2012-08-20T00:00:00.000-05:00', type: '2', name: 'Asunción de la Virgen' },
  { date: '2012-10-15T00:00:00.000-05:00', type: '2', name: 'Día de la Raza' },
  { date: '2012-11-05T00:00:00.000-05:00', type: '2', name: 'Todos los Santos' },
  { date: '2012-11-12T00:00:00.000-05:00', type: '2', name: 'Independencia de Cartagena' },
  { date: '2012-04-05T00:00:00.000-05:00', type: '3', name: 'Jueves Santo' },
  { date: '2012-04-06T00:00:00.000-05:00', type: '3', name: 'Viernes Santo' },
  { date: '2012-05-21T00:00:00.000-05:00', type: '3', name: 'Ascensión de Jesús' },
  { date: '2012-06-11T00:00:00.000-05:00', type: '3', name: 'Corpus Christi' },
  { date: '2012-06-18T00:00:00.000-05:00', type: '3', name: 'Sagrado Corazón de Jesús' },
]
`;

exports[`Gets all holidays for a given year Should return holidays for 2015 1`] = `
Array [
  { date: '2015-01-01T00:00:00.000-05:00', type: '1', name: 'Año Nuevo' },
  { date: '2015-05-01T00:00:00.000-05:00', type: '1', name: 'Día del Trabajo' },
  { date: '2015-07-20T00:00:00.000-05:00', type: '1', name: 'Grito de la Independencia' },
  { date: '2015-08-07T00:00:00.000-05:00', type: '1', name: 'Batalla de Boyacá' },
  { date: '2015-12-08T00:00:00.000-05:00', type: '1', name: 'Inmaculada Concepción' },
  { date: '2015-12-25T00:00:00.000-05:00', type: '1', name: 'Navidad' },
  { date: '2015-01-12T00:00:00.000-05:00', type: '2', name: 'Reyes Magos' },
  { date: '2015-03-23T00:00:00.000-05:00', type: '2', name: 'San José' },
  { date: '2015-06-29T00:00:00.000-05:00', type: '2', name: 'San Pedro y San Pablo' },
  { date: '2015-08-17T00:00:00.000-05:00', type: '2', name: 'Asunción de la Virgen' },
  { date: '2015-10-12T00:00:00.000-05:00', type: '2', name: 'Día de la Raza' },
  { date: '2015-11-02T00:00:00.000-05:00', type: '2', name: 'Todos los Santos' },
  { date: '2015-11-16T00:00:00.000-05:00', type: '2', name: 'Independencia de Cartagena' },
  { date: '2015-04-02T00:00:00.000-05:00', type: '3', name: 'Jueves Santo' },
  { date: '2015-04-03T00:00:00.000-05:00', type: '3', name: 'Viernes Santo' },
  { date: '2015-05-18T00:00:00.000-05:00', type: '3', name: 'Ascensión de Jesús' },
  { date: '2015-06-08T00:00:00.000-05:00', type: '3', name: 'Corpus Christi' },
  { date: '2015-06-15T00:00:00.000-05:00', type: '3', name: 'Sagrado Corazón de Jesús' },
]
`;

exports[`Gets all holidays for a given year Should return holidays for 2018 1`] = `
Array [
  { date: '2018-01-01T00:00:00.000-05:00', type: '1', name: 'Año Nuevo' },
  { date: '2018-05-01T00:00:00.000-05:00', type: '1', name: 'Día del Trabajo' },
  { date: '2018-07-20T00:00:00.000-05:00', type: '1', name: 'Grito de la Independencia' },
  { date: '2018-08-07T00:00:00.000-05:00', type: '1', name: 'Batalla de Boyacá' },
  { date: '2018-12-08T00:00:00.000-05:00', type: '1', name: 'Inmaculada Concepción' },
  { date: '2018-12-25T00:00:00.000-05:00', type: '1', name: 'Navidad' },
  { date: '2018-01-08T00:00:00.000-05:00', type: '2', name: 'Reyes Magos' },
  { date: '2018-03-19T00:00:00.000-05:00', type: '2', name: 'San José' },
  { date: '2018-07-02T00:00:00.000-05:00', type: '2', name: 'San Pedro y San Pablo' },
  { date: '2018-08-20T00:00:00.000-05:00', type: '2', name: 'Asunción de la Virgen' },
  { date: '2018-10-15T00:00:00.000-05:00', type: '2', name: 'Día de la Raza' },
  { date: '2018-11-05T00:00:00.000-05:00', type: '2', name: 'Todos los Santos' },
  { date: '2018-11-12T00:00:00.000-05:00', type: '2', name: 'Independencia de Cartagena' },
  { date: '2018-03-29T00:00:00.000-05:00', type: '3', name: 'Jueves Santo' },
  { date: '2018-03-30T00:00:00.000-05:00', type: '3', name: 'Viernes Santo' },
  { date: '2018-05-14T00:00:00.000-05:00', type: '3', name: 'Ascensión de Jesús' },
  { date: '2018-06-04T00:00:00.000-05:00', type: '3', name: 'Corpus Christi' },
  { date: '2018-06-11T00:00:00.000-05:00', type: '3', name: 'Sagrado Corazón de Jesús' },
]
`;
